// Jest Snapshot v1, https://goo.gl/fbAQLP

exports[`The WiresFeeds stack matches the snapshot 1`] = `
{
  "Metadata": {
    "gu:cdk:constructs": [
      "GuStringParameter",
    ],
    "gu:cdk:version": "TEST",
  },
  "Parameters": {
    "fingerpostpublishinguserarn": {
      "Default": "/TEST/editorial-feeds/wires-feeds/fingerpost-publishing-user-arn",
      "Type": "AWS::SSM::Parameter::Value<String>",
    },
  },
  "Resources": {
    "fingerpostqueueDeadLetterQueueTESTC46C734A": {
      "DeletionPolicy": "Delete",
      "Properties": {
        "Tags": [
          {
            "Key": "App",
            "Value": "wires-feeds",
          },
          {
            "Key": "gu:cdk:version",
            "Value": "TEST",
          },
          {
            "Key": "gu:repo",
            "Value": "guardian/newswires",
          },
          {
            "Key": "Stack",
            "Value": "editorial-feeds",
          },
          {
            "Key": "Stage",
            "Value": "TEST",
          },
        ],
        "VisibilityTimeout": 300,
      },
      "Type": "AWS::SQS::Queue",
      "UpdateReplacePolicy": "Delete",
    },
    "fingerpostqueueF09A4E0A": {
      "DeletionPolicy": "RetainExceptOnCreate",
      "Properties": {
        "MessageRetentionPeriod": 1209600,
        "RedrivePolicy": {
          "deadLetterTargetArn": {
            "Fn::GetAtt": [
              "fingerpostqueueDeadLetterQueueTESTC46C734A",
              "Arn",
            ],
          },
          "maxReceiveCount": 3,
        },
        "Tags": [
          {
            "Key": "App",
            "Value": "wires-feeds",
          },
          {
            "Key": "gu:cdk:version",
            "Value": "TEST",
          },
          {
            "Key": "gu:repo",
            "Value": "guardian/newswires",
          },
          {
            "Key": "Stack",
            "Value": "editorial-feeds",
          },
          {
            "Key": "Stage",
            "Value": "TEST",
          },
        ],
        "VisibilityTimeout": 300,
      },
      "Type": "AWS::SQS::Queue",
      "UpdateReplacePolicy": "Retain",
    },
    "fingerpostqueuePolicy8A8FE8AE": {
      "Properties": {
        "PolicyDocument": {
          "Statement": [
            {
              "Action": "sqs:*",
              "Condition": {
                "Bool": {
                  "aws:SecureTransport": "false",
                },
              },
              "Effect": "Deny",
              "Principal": {
                "AWS": "*",
              },
              "Resource": {
                "Fn::GetAtt": [
                  "fingerpostqueueF09A4E0A",
                  "Arn",
                ],
              },
            },
            {
              "Action": "sqs:SendMessage",
              "Condition": {
                "ArnEquals": {
                  "aws:SourceArn": {
                    "Ref": "fingerposttopic0A8134FC",
                  },
                },
              },
              "Effect": "Allow",
              "Principal": {
                "Service": "sns.amazonaws.com",
              },
              "Resource": {
                "Fn::GetAtt": [
                  "fingerpostqueueF09A4E0A",
                  "Arn",
                ],
              },
            },
          ],
          "Version": "2012-10-17",
        },
        "Queues": [
          {
            "Ref": "fingerpostqueueF09A4E0A",
          },
        ],
      },
      "Type": "AWS::SQS::QueuePolicy",
    },
    "fingerpostqueueWiresFeedsfingerposttopic09B5AE1CD1B1A0A5": {
      "DependsOn": [
        "fingerpostqueuePolicy8A8FE8AE",
      ],
      "Properties": {
        "Endpoint": {
          "Fn::GetAtt": [
            "fingerpostqueueF09A4E0A",
            "Arn",
          ],
        },
        "Protocol": "sqs",
        "RawMessageDelivery": true,
        "TopicArn": {
          "Ref": "fingerposttopic0A8134FC",
        },
      },
      "Type": "AWS::SNS::Subscription",
    },
    "fingerposttopic0A8134FC": {
      "DeletionPolicy": "RetainExceptOnCreate",
      "Properties": {
        "Tags": [
          {
            "Key": "App",
            "Value": "wires-feeds",
          },
          {
            "Key": "gu:cdk:version",
            "Value": "TEST",
          },
          {
            "Key": "gu:repo",
            "Value": "guardian/newswires",
          },
          {
            "Key": "Stack",
            "Value": "editorial-feeds",
          },
          {
            "Key": "Stage",
            "Value": "TEST",
          },
        ],
      },
      "Type": "AWS::SNS::Topic",
      "UpdateReplacePolicy": "Retain",
    },
    "fingerposttopicPolicy93AB9BE9": {
      "Properties": {
        "PolicyDocument": {
          "Statement": [
            {
              "Action": "sns:Publish",
              "Condition": {
                "Bool": {
                  "aws:SecureTransport": "false",
                },
              },
              "Effect": "Deny",
              "Principal": "*",
              "Resource": {
                "Ref": "fingerposttopic0A8134FC",
              },
              "Sid": "AllowPublishThroughSSLOnly",
            },
            {
              "Action": "sns:Publish",
              "Effect": "Allow",
              "Principal": {
                "AWS": {
                  "Ref": "fingerpostpublishinguserarn",
                },
              },
              "Resource": {
                "Ref": "fingerposttopic0A8134FC",
              },
              "Sid": "1",
            },
          ],
          "Version": "2012-10-17",
        },
        "Topics": [
          {
            "Ref": "fingerposttopic0A8134FC",
          },
        ],
      },
      "Type": "AWS::SNS::TopicPolicy",
    },
    "sourcequeue87B8A558": {
      "DeletionPolicy": "RetainExceptOnCreate",
      "Properties": {
        "MessageRetentionPeriod": 1209600,
        "RedrivePolicy": {
          "deadLetterTargetArn": {
            "Fn::GetAtt": [
              "sourcequeueDeadLetterQueueTEST4E4374EA",
              "Arn",
            ],
          },
          "maxReceiveCount": 3,
        },
        "Tags": [
          {
            "Key": "App",
            "Value": "wires-feeds",
          },
          {
            "Key": "gu:cdk:version",
            "Value": "TEST",
          },
          {
            "Key": "gu:repo",
            "Value": "guardian/newswires",
          },
          {
            "Key": "Stack",
            "Value": "editorial-feeds",
          },
          {
            "Key": "Stage",
            "Value": "TEST",
          },
        ],
        "VisibilityTimeout": 300,
      },
      "Type": "AWS::SQS::Queue",
      "UpdateReplacePolicy": "Retain",
    },
    "sourcequeueDeadLetterQueueTEST4E4374EA": {
      "DeletionPolicy": "Delete",
      "Properties": {
        "Tags": [
          {
            "Key": "App",
            "Value": "wires-feeds",
          },
          {
            "Key": "gu:cdk:version",
            "Value": "TEST",
          },
          {
            "Key": "gu:repo",
            "Value": "guardian/newswires",
          },
          {
            "Key": "Stack",
            "Value": "editorial-feeds",
          },
          {
            "Key": "Stage",
            "Value": "TEST",
          },
        ],
        "VisibilityTimeout": 300,
      },
      "Type": "AWS::SQS::Queue",
      "UpdateReplacePolicy": "Delete",
    },
    "sourcequeuePolicyD21DF4F1": {
      "Properties": {
        "PolicyDocument": {
          "Statement": [
            {
              "Action": "sqs:*",
              "Condition": {
                "Bool": {
                  "aws:SecureTransport": "false",
                },
              },
              "Effect": "Deny",
              "Principal": {
                "AWS": "*",
              },
              "Resource": {
                "Fn::GetAtt": [
                  "sourcequeue87B8A558",
                  "Arn",
                ],
              },
            },
            {
              "Action": "sqs:SendMessage",
              "Condition": {
                "ArnEquals": {
                  "aws:SourceArn": {
                    "Ref": "sourcetopic7C3DC892",
                  },
                },
              },
              "Effect": "Allow",
              "Principal": {
                "Service": "sns.amazonaws.com",
              },
              "Resource": {
                "Fn::GetAtt": [
                  "sourcequeue87B8A558",
                  "Arn",
                ],
              },
            },
          ],
          "Version": "2012-10-17",
        },
        "Queues": [
          {
            "Ref": "sourcequeue87B8A558",
          },
        ],
      },
      "Type": "AWS::SQS::QueuePolicy",
    },
    "sourcequeueWiresFeedssourcetopic2270C481B5A95A06": {
      "DependsOn": [
        "sourcequeuePolicyD21DF4F1",
      ],
      "Properties": {
        "Endpoint": {
          "Fn::GetAtt": [
            "sourcequeue87B8A558",
            "Arn",
          ],
        },
        "Protocol": "sqs",
        "RawMessageDelivery": true,
        "TopicArn": {
          "Ref": "sourcetopic7C3DC892",
        },
      },
      "Type": "AWS::SNS::Subscription",
    },
    "sourcetopic7C3DC892": {
      "DeletionPolicy": "RetainExceptOnCreate",
      "Properties": {
        "Tags": [
          {
            "Key": "App",
            "Value": "wires-feeds",
          },
          {
            "Key": "gu:cdk:version",
            "Value": "TEST",
          },
          {
            "Key": "gu:repo",
            "Value": "guardian/newswires",
          },
          {
            "Key": "Stack",
            "Value": "editorial-feeds",
          },
          {
            "Key": "Stage",
            "Value": "TEST",
          },
        ],
      },
      "Type": "AWS::SNS::Topic",
      "UpdateReplacePolicy": "Retain",
    },
    "sourcetopicPolicy693F1C42": {
      "Properties": {
        "PolicyDocument": {
          "Statement": [
            {
              "Action": "sns:Publish",
              "Condition": {
                "Bool": {
                  "aws:SecureTransport": "false",
                },
              },
              "Effect": "Deny",
              "Principal": "*",
              "Resource": {
                "Ref": "sourcetopic7C3DC892",
              },
              "Sid": "AllowPublishThroughSSLOnly",
            },
            {
              "Action": "sns:Publish",
              "Effect": "Allow",
              "Principal": {
                "AWS": {
                  "Ref": "fingerpostpublishinguserarn",
                },
              },
              "Resource": {
                "Ref": "sourcetopic7C3DC892",
              },
              "Sid": "1",
            },
          ],
          "Version": "2012-10-17",
        },
        "Topics": [
          {
            "Ref": "sourcetopic7C3DC892",
          },
        ],
      },
      "Type": "AWS::SNS::TopicPolicy",
    },
  },
}
`;
